[www.kuveytturkportfoy.com.tr/Content/uikit/dist/js/uikit.min.js]
[www.kuveytturkportfoy.com.tr/Content/uikit/dist/js/uikit-icons.min.js]
[www.kuveytturkportfoy.com.tr/Content/lib/js/jquery-3.7.1.min.js]
[www.kuveytturkportfoy.com.tr/Content/lib/js/jquery.validate.min.js]
[www.kuveytturkportfoy.com.tr/Content/lib/js/jquery.mask.min.js]
[www.kuveytturkportfoy.com.tr/Content/js/theme.js]
[cdn.jsdelivr.net/npm/flatpickr/dist/flatpickr.min.css]
[fonts.googleapis.com/index.html]
[www.kuveytturkportfoy.com.tr/Content/uikit/dist/js/uikit.min9dce.js]
[www.kuveytturkportfoy.com.tr/Content/uikit/dist/js/uikit-icons.min9dce.js]
[www.kuveytturkportfoy.com.tr/Content/images/favicon/apple-touch-icon.png]
[www.kuveytturkportfoy.com.tr/Content/images/favicon/favicon-32x32.png]
[www.kuveytturkportfoy.com.tr/Content/images/favicon/favicon-16x16.png]
[backblue.gif]
[fade.gif]
[index.html]
[www.kuveytturkportfoy.com.tr/media/4xjcei1p/aydinlatma-metni.pdf]
[www.kuveytturkportfoy.com.tr/media/5mxixydp/yasal-uyari-kisisel-verileri-saklama-ve-imha-politikasi.pdf]
[www.kuveytturkportfoy.com.tr/media/z1falqdw/çerez-metni-pdf.pdf]
[unpkg.com/flatpickr@4.6.13/dist/l10n/tr.js]
[www.kuveytturkportfoy.com.tr/Content/js/theme1612.js]
[www.google.com/recaptcha/api536a.js]
[talktomy.site/embed.js]
[bundles.efilli.com/kuveytturkportfoy.dev.clockwork.ist.prod.js]
[bundles.efilli.com/kuveytturkportfoy.com.tr.prod.js]
[connect.facebook.net/en_US/fbevents.js]
[www.kuveytturkportfoy.com.tr/risk-profili-hesaplama/index.html]
[www.google-analytics.com/index.html]
[connect.facebook.net/index.html]
[www.googletagmanager.com/index.html]
[fonts.googleapis.com/index.html]
[fonts.gstatic.com/index.html]
[fonts.googleapis.com/css2f705.css]
[www.kuveytturkportfoy.com.tr/en/risk-profile-calculation/index.html]
[www.facebook.com/tr71d3]
[www.facebook.com/tr5a66]
[www.kuveytturkportfoy.com.tr/media/gc0pgbwb/banner-web-aylikfondagilimaccf.png]
[www.kuveytturkportfoy.com.tr/media/3ukih0xd/resim.jpg]
[www.kuveytturkportfoy.com.tr/media/fl5f1xd3/banner-web-12.png]
[www.kuveytturkportfoy.com.tr/risk-profili-hesaplama/risk-profili-anketi-sonuc/index.html]
[www.kuveytturkportfoy.com.tr/en/risk-profile-calculation/risk-profile-result/index.html]
[cdn.jsdelivr.net/npm/chart.js]
[talktomy.site/embed.js]
[www.google.com/recaptcha/api536a.js]
[connect.facebook.net/index.html]
[www.kuveytturkportfoy.com.tr/media/gc0pgbwb/banner-web-aylikfondagilimaccf.png]
[cdn.jsdelivr.net/npm/flatpickr/dist/flatpickr.min.css]
[bundles.efilli.com/kuveytturkportfoy.dev.clockwork.ist.prod.js]
[bundles.efilli.com/kuveytturkportfoy.com.tr.prod.js]
[www.kuveytturkportfoy.com.tr/Content/uikit/dist/css/uikit.custom-theme.min1751.css]
[www.kuveytturkportfoy.com.tr/Content/images/logos/logo-10.svg]
[www.kuveytturkportfoy.com.tr/Content/images/logos/logo.svg]
[www.kuveytturkportfoy.com.tr/Content/images/figure/figure-1.svg]
[www.kuveytturkportfoy.com.tr/media/z2mh14by/yatırımcı-tipi-1.svg]
[www.kuveytturkportfoy.com.tr/media/3z3djbrm/yatırımcı-tipi-2.svg]
[www.kuveytturkportfoy.com.tr/media/kygmunkf/yatırımcı-tipi-3.svg]
[www.kuveytturkportfoy.com.tr/Content/images/icons/survey-1.svg]
[www.kuveytturkportfoy.com.tr/Content/images/icons/survey-2.svg]
[www.kuveytturkportfoy.com.tr/Content/images/icons/survey-3.svg]
[www.kuveytturkportfoy.com.tr/Content/images/icons/survey-4.svg]
[www.kuveytturkportfoy.com.tr/media/acdg0l1i/fi_6421329.svg]
[www.kuveytturkportfoy.com.tr/media/5lnpw35d/fi_8033997.svg]
[www.kuveytturkportfoy.com.tr/Content/images/logos/logo-clockwork.svg]
[www.googletagmanager.com/gtm5445.html]
[connect.facebook.net/en_US/fbevents.js]
[www.kuveytturkportfoy.com.tr/Content/images/logos/logo-10-en.svg]
[www.kuveytturkportfoy.com.tr/Content/images/logos/logo-en.svg]
[www.kuveytturkportfoy.com.tr/Content/images/logos/google-play.svg]
[www.kuveytturkportfoy.com.tr/Content/images/logos/app-store.svg]
[www.kuveytturkportfoy.com.tr/Content/images/logos/app-gallery.svg]
[www.kuveytturkportfoy.com.tr/Content/uikit/images/backgrounds/divider-icon.html]
[www.kuveytturkportfoy.com.tr/Content/images/icons/icn-check.svg]
[www.kuveytturkportfoy.com.tr/Content/uikit/custom/icons/icn-chevron-down-large.svg]
[www.kuveytturkportfoy.com.tr/Content/uikit/custom/icons/icn-chevron-down.svg]
[www.kuveytturkportfoy.com.tr/risk-profili-hesaplama/signals/config/index.html]
[www.kuveytturkportfoy.com.tr/risk-profili-hesaplama/a/index.html]
[www.kuveytturkportfoy.com.tr/risk-profili-hesaplama/signals/plugins/index.html]
[www.kuveytturkportfoy.com.tr/risk-profili-hesaplama/POST/index.html]
[www.kuveytturkportfoy.com.tr/risk-profili-hesaplama/schema.org/index.html]
[www.kuveytturkportfoy.com.tr/risk-profili-hesaplama/b.resolvedLink/index.html]
[www.kuveytturkportfoy.com.tr/risk-profili-hesaplama/d/index.html]
[www.kuveytturkportfoy.com.tr/signals/iwl.html]
[www.kuveytturkportfoy.com.tr/signals/iwl0fc5.html]
[www.kuveytturkportfoy.com.tr/risk-profili-hesaplama/c.dl/index.html]
[www.kuveytturkportfoy.com.tr/risk-profili-hesaplama/c.rl/index.html]
